0 verbose cli C:\Program Files\nodejs\node.exe D:\npm-global\node_modules\npm\bin\npm-cli.js
1 info using npm@11.8.0
2 info using node@v22.13.1
3 silly config load:file:D:\npm-global\node_modules\npm\npmrc
4 silly config load:file:C:\Users\dfuser\Desktop\pavilion-main\.npmrc
5 silly config load:file:C:\Users\dfuser\.npmrc
6 silly config load:file:C:\Users\dfuser\AppData\Roaming\npm\etc\npmrc
7 verbose title npm exec eslint components/ProductDetailPage.jsx
8 verbose argv "exec" "--" "eslint" "components/ProductDetailPage.jsx"
9 verbose logfile logs-max:10 dir:C:\Users\dfuser\Desktop\pavilion-main\%AppData%\npm-cache\_logs\2026-02-12T08_57_36_852Z-
10 verbose logfile C:\Users\dfuser\Desktop\pavilion-main\%AppData%\npm-cache\_logs\2026-02-12T08_57_36_852Z-debug-0.log
11 silly logfile start cleaning logs, removing 1 files
12 silly logfile done cleaning log files
13 silly packumentCache heap:2197815296 maxSize:549453824 maxEntrySize:274726912
14 http fetch GET 200 https://registry.npmjs.org/eslint 693ms (cache revalidated)
15 silly packumentCache heap:2197815296 maxSize:549453824 maxEntrySize:274726912
16 silly packumentCache heap:2197815296 maxSize:549453824 maxEntrySize:274726912
17 silly idealTree buildDeps
18 silly fetch manifest eslint@10.0.0
19 silly packumentCache full:https://registry.npmjs.org/eslint cache-miss
20 http fetch GET 200 https://registry.npmjs.org/eslint 272ms (cache miss)
21 silly packumentCache full:https://registry.npmjs.org/eslint set size:undefined disposed:false
22 silly fetch manifest jiti@*
23 silly packumentCache full:https://registry.npmjs.org/jiti cache-miss
24 http fetch GET 200 https://registry.npmjs.org/jiti 140ms (cache miss)
25 silly packumentCache full:https://registry.npmjs.org/jiti set size:undefined disposed:false
26 silly placeDep ROOT eslint@10.0.0 OK for:  want: 10.0.0
27 silly fetch manifest @eslint-community/eslint-utils@^4.8.0
28 silly packumentCache full:https://registry.npmjs.org/@eslint-community%2feslint-utils cache-miss
29 silly fetch manifest @eslint-community/regexpp@^4.12.2
30 silly packumentCache full:https://registry.npmjs.org/@eslint-community%2fregexpp cache-miss
31 silly fetch manifest @eslint/config-array@^0.23.0
32 silly packumentCache full:https://registry.npmjs.org/@eslint%2fconfig-array cache-miss
33 silly fetch manifest @eslint/config-helpers@^0.5.2
34 silly packumentCache full:https://registry.npmjs.org/@eslint%2fconfig-helpers cache-miss
35 silly fetch manifest @eslint/core@^1.1.0
36 silly packumentCache full:https://registry.npmjs.org/@eslint%2fcore cache-miss
37 silly fetch manifest @eslint/plugin-kit@^0.6.0
38 silly packumentCache full:https://registry.npmjs.org/@eslint%2fplugin-kit cache-miss
39 silly fetch manifest @humanfs/node@^0.16.6
40 silly packumentCache full:https://registry.npmjs.org/@humanfs%2fnode cache-miss
41 http fetch GET 200 https://registry.npmjs.org/@eslint-community%2feslint-utils 413ms (cache miss)
42 silly packumentCache full:https://registry.npmjs.org/@eslint-community%2feslint-utils set size:undefined disposed:false
43 silly fetch manifest @humanwhocodes/module-importer@^1.0.1
44 silly packumentCache full:https://registry.npmjs.org/@humanwhocodes%2fmodule-importer cache-miss
45 http fetch GET 200 https://registry.npmjs.org/@eslint%2fconfig-helpers 573ms (cache miss)
46 silly packumentCache full:https://registry.npmjs.org/@eslint%2fconfig-helpers set size:undefined disposed:false
47 silly fetch manifest @humanwhocodes/retry@^0.4.2
48 silly packumentCache full:https://registry.npmjs.org/@humanwhocodes%2fretry cache-miss
49 http fetch GET 200 https://registry.npmjs.org/@eslint%2fcore 586ms (cache miss)
50 silly packumentCache full:https://registry.npmjs.org/@eslint%2fcore set size:undefined disposed:false
51 silly fetch manifest @types/estree@^1.0.6
52 silly packumentCache full:https://registry.npmjs.org/@types%2festree cache-miss
53 http fetch GET 200 https://registry.npmjs.org/@humanfs%2fnode 586ms (cache miss)
54 silly packumentCache full:https://registry.npmjs.org/@humanfs%2fnode set size:undefined disposed:false
55 silly fetch manifest ajv@^6.12.4
56 silly packumentCache full:https://registry.npmjs.org/ajv cache-miss
57 http fetch GET 200 https://registry.npmjs.org/@eslint%2fconfig-array 632ms (cache miss)
58 silly packumentCache full:https://registry.npmjs.org/@eslint%2fconfig-array set size:undefined disposed:false
59 silly fetch manifest cross-spawn@^7.0.6
60 silly packumentCache full:https://registry.npmjs.org/cross-spawn cache-miss
61 http fetch GET 200 https://registry.npmjs.org/@humanwhocodes%2fmodule-importer 260ms (cache miss)
62 silly packumentCache full:https://registry.npmjs.org/@humanwhocodes%2fmodule-importer set size:undefined disposed:false
63 silly fetch manifest debug@^4.3.2
64 silly packumentCache full:https://registry.npmjs.org/debug cache-miss
65 http fetch GET 200 https://registry.npmjs.org/@eslint%2fplugin-kit 831ms (cache miss)
66 silly packumentCache full:https://registry.npmjs.org/@eslint%2fplugin-kit set size:undefined disposed:false
67 silly fetch manifest escape-string-regexp@^4.0.0
68 silly packumentCache full:https://registry.npmjs.org/escape-string-regexp cache-miss
69 http fetch GET 200 https://registry.npmjs.org/@eslint-community%2fregexpp 864ms (cache miss)
70 silly packumentCache full:https://registry.npmjs.org/@eslint-community%2fregexpp set size:undefined disposed:false
71 silly fetch manifest eslint-scope@^9.1.0
72 silly packumentCache full:https://registry.npmjs.org/eslint-scope cache-miss
73 http fetch GET 200 https://registry.npmjs.org/@humanwhocodes%2fretry 562ms (cache miss)
74 silly packumentCache full:https://registry.npmjs.org/@humanwhocodes%2fretry set size:undefined disposed:false
75 silly fetch manifest eslint-visitor-keys@^5.0.0
76 silly packumentCache full:https://registry.npmjs.org/eslint-visitor-keys cache-miss
77 http fetch GET 200 https://registry.npmjs.org/@types%2festree 810ms (cache miss)
78 silly packumentCache full:https://registry.npmjs.org/@types%2festree set size:undefined disposed:false
79 silly fetch manifest espree@^11.1.0
80 silly packumentCache full:https://registry.npmjs.org/espree cache-miss
81 http fetch GET 200 https://registry.npmjs.org/cross-spawn 739ms (cache miss)
82 silly packumentCache full:https://registry.npmjs.org/cross-spawn set size:undefined disposed:false
83 silly fetch manifest esquery@^1.7.0
84 silly packumentCache full:https://registry.npmjs.org/esquery cache-miss
85 http fetch GET 200 https://registry.npmjs.org/escape-string-regexp 581ms (cache revalidated)
86 silly packumentCache full:https://registry.npmjs.org/escape-string-regexp set size:22244 disposed:false
87 silly fetch manifest esutils@^2.0.2
88 silly packumentCache full:https://registry.npmjs.org/esutils cache-miss
89 http fetch GET 200 https://registry.npmjs.org/eslint-scope 617ms (cache miss)
90 silly packumentCache full:https://registry.npmjs.org/eslint-scope set size:undefined disposed:false
91 silly fetch manifest fast-deep-equal@^3.1.3
92 silly packumentCache full:https://registry.npmjs.org/fast-deep-equal cache-miss
93 http fetch GET 200 https://registry.npmjs.org/eslint-visitor-keys 386ms (cache miss)
94 silly packumentCache full:https://registry.npmjs.org/eslint-visitor-keys set size:undefined disposed:false
95 silly fetch manifest file-entry-cache@^8.0.0
96 silly packumentCache full:https://registry.npmjs.org/file-entry-cache cache-miss
97 http fetch GET 200 https://registry.npmjs.org/debug 857ms (cache miss)
98 silly packumentCache full:https://registry.npmjs.org/debug set size:undefined disposed:false
99 silly fetch manifest find-up@^5.0.0
100 silly packumentCache full:https://registry.npmjs.org/find-up cache-miss
101 http fetch GET 200 https://registry.npmjs.org/fast-deep-equal 212ms (cache miss)
102 silly packumentCache full:https://registry.npmjs.org/fast-deep-equal set size:undefined disposed:false
103 silly fetch manifest glob-parent@^6.0.2
104 silly packumentCache full:https://registry.npmjs.org/glob-parent cache-miss
105 http fetch GET 200 https://registry.npmjs.org/esquery 293ms (cache miss)
106 silly packumentCache full:https://registry.npmjs.org/esquery set size:undefined disposed:false
107 silly fetch manifest ignore@^5.2.0
108 silly packumentCache full:https://registry.npmjs.org/ignore cache-miss
109 http fetch GET 200 https://registry.npmjs.org/esutils 279ms (cache miss)
110 silly packumentCache full:https://registry.npmjs.org/esutils set size:undefined disposed:false
111 silly fetch manifest imurmurhash@^0.1.4
112 silly packumentCache full:https://registry.npmjs.org/imurmurhash cache-miss
113 http fetch GET 200 https://registry.npmjs.org/find-up 182ms (cache miss)
114 silly packumentCache full:https://registry.npmjs.org/find-up set size:undefined disposed:false
115 silly fetch manifest is-glob@^4.0.0
116 silly packumentCache full:https://registry.npmjs.org/is-glob cache-miss
117 http fetch GET 200 https://registry.npmjs.org/file-entry-cache 216ms (cache miss)
118 silly packumentCache full:https://registry.npmjs.org/file-entry-cache set size:undefined disposed:false
119 silly fetch manifest json-stable-stringify-without-jsonify@^1.0.1
120 silly packumentCache full:https://registry.npmjs.org/json-stable-stringify-without-jsonify cache-miss
121 http fetch GET 200 https://registry.npmjs.org/espree 376ms (cache miss)
122 silly packumentCache full:https://registry.npmjs.org/espree set size:undefined disposed:false
123 silly fetch manifest minimatch@^10.1.1
124 silly packumentCache full:https://registry.npmjs.org/minimatch cache-miss
125 http fetch GET 200 https://registry.npmjs.org/ajv 1235ms (cache miss)
126 silly packumentCache full:https://registry.npmjs.org/ajv set size:undefined disposed:false
127 silly fetch manifest natural-compare@^1.4.0
128 silly packumentCache full:https://registry.npmjs.org/natural-compare cache-miss
129 http fetch GET 200 https://registry.npmjs.org/json-stable-stringify-without-jsonify 139ms (cache miss)
130 silly packumentCache full:https://registry.npmjs.org/json-stable-stringify-without-jsonify set size:undefined disposed:false
131 silly fetch manifest optionator@^0.9.3
132 silly packumentCache full:https://registry.npmjs.org/optionator cache-miss
133 http fetch GET 200 https://registry.npmjs.org/is-glob 171ms (cache miss)
134 silly packumentCache full:https://registry.npmjs.org/is-glob set size:undefined disposed:false
135 http fetch GET 200 https://registry.npmjs.org/imurmurhash 198ms (cache miss)
136 silly packumentCache full:https://registry.npmjs.org/imurmurhash set size:undefined disposed:false
137 http fetch GET 200 https://registry.npmjs.org/glob-parent 233ms (cache miss)
138 silly packumentCache full:https://registry.npmjs.org/glob-parent set size:undefined disposed:false
139 http fetch GET 200 https://registry.npmjs.org/ignore 269ms (cache miss)
140 silly packumentCache full:https://registry.npmjs.org/ignore set size:undefined disposed:false
141 http fetch GET 200 https://registry.npmjs.org/minimatch 205ms (cache revalidated)
142 silly packumentCache full:https://registry.npmjs.org/minimatch set size:306302 disposed:false
143 http fetch GET 200 https://registry.npmjs.org/optionator 120ms (cache miss)
144 silly packumentCache full:https://registry.npmjs.org/optionator set size:undefined disposed:false
145 http fetch GET 200 https://registry.npmjs.org/natural-compare 172ms (cache miss)
146 silly packumentCache full:https://registry.npmjs.org/natural-compare set size:undefined disposed:false
147 silly fetch manifest eslint@^6.0.0 || ^7.0.0 || >=8.0.0
148 silly packumentCache full:https://registry.npmjs.org/eslint cache-miss
149 http cache https://registry.npmjs.org/eslint 24ms (cache hit)
150 silly packumentCache full:https://registry.npmjs.org/eslint set size:1929113 disposed:false
151 silly placeDep ROOT @eslint-community/eslint-utils@4.9.1 OK for: eslint@10.0.0 want: ^4.8.0
152 silly placeDep ROOT @eslint-community/regexpp@4.12.2 OK for: eslint@10.0.0 want: ^4.12.2
153 silly placeDep ROOT @eslint/config-array@0.23.1 OK for: eslint@10.0.0 want: ^0.23.0
154 silly placeDep ROOT @eslint/config-helpers@0.5.2 OK for: eslint@10.0.0 want: ^0.5.2
155 silly placeDep ROOT @eslint/core@1.1.0 OK for: eslint@10.0.0 want: ^1.1.0
156 silly placeDep ROOT @eslint/plugin-kit@0.6.0 OK for: eslint@10.0.0 want: ^0.6.0
157 silly placeDep ROOT @humanfs/node@0.16.7 OK for: eslint@10.0.0 want: ^0.16.6
158 silly placeDep ROOT @humanwhocodes/module-importer@1.0.1 OK for: eslint@10.0.0 want: ^1.0.1
159 silly placeDep ROOT @humanwhocodes/retry@0.4.3 OK for: eslint@10.0.0 want: ^0.4.2
160 silly placeDep ROOT @types/estree@1.0.8 OK for: eslint@10.0.0 want: ^1.0.6
161 silly placeDep ROOT ajv@6.12.6 OK for: eslint@10.0.0 want: ^6.12.4
162 silly placeDep ROOT cross-spawn@7.0.6 OK for: eslint@10.0.0 want: ^7.0.6
163 silly placeDep ROOT debug@4.4.3 OK for: eslint@10.0.0 want: ^4.3.2
164 silly placeDep ROOT escape-string-regexp@4.0.0 OK for: eslint@10.0.0 want: ^4.0.0
165 silly placeDep ROOT eslint-scope@9.1.0 OK for: eslint@10.0.0 want: ^9.1.0
166 silly placeDep ROOT eslint-visitor-keys@5.0.0 OK for: eslint@10.0.0 want: ^5.0.0
167 silly placeDep ROOT espree@11.1.0 OK for: eslint@10.0.0 want: ^11.1.0
168 silly placeDep ROOT esquery@1.7.0 OK for: eslint@10.0.0 want: ^1.7.0
169 silly placeDep ROOT esutils@2.0.3 OK for: eslint@10.0.0 want: ^2.0.2
170 silly placeDep ROOT fast-deep-equal@3.1.3 OK for: eslint@10.0.0 want: ^3.1.3
171 silly placeDep ROOT file-entry-cache@8.0.0 OK for: eslint@10.0.0 want: ^8.0.0
172 silly placeDep ROOT find-up@5.0.0 OK for: eslint@10.0.0 want: ^5.0.0
173 silly placeDep ROOT glob-parent@6.0.2 OK for: eslint@10.0.0 want: ^6.0.2
174 silly placeDep ROOT ignore@5.3.2 OK for: eslint@10.0.0 want: ^5.2.0
175 silly placeDep ROOT imurmurhash@0.1.4 OK for: eslint@10.0.0 want: ^0.1.4
176 silly placeDep ROOT is-glob@4.0.3 OK for: eslint@10.0.0 want: ^4.0.0
177 silly placeDep ROOT json-stable-stringify-without-jsonify@1.0.1 OK for: eslint@10.0.0 want: ^1.0.1
178 silly placeDep ROOT minimatch@10.1.2 OK for: eslint@10.0.0 want: ^10.1.1
179 silly placeDep ROOT natural-compare@1.4.0 OK for: eslint@10.0.0 want: ^1.4.0
180 silly placeDep ROOT optionator@0.9.4 OK for: eslint@10.0.0 want: ^0.9.3
181 silly fetch manifest eslint-visitor-keys@^3.4.3
182 silly packumentCache full:https://registry.npmjs.org/eslint-visitor-keys cache-miss
183 silly fetch manifest @eslint/object-schema@^3.0.1
184 silly packumentCache full:https://registry.npmjs.org/@eslint%2fobject-schema cache-miss
185 silly fetch manifest debug@^4.3.1
186 silly packumentCache full:https://registry.npmjs.org/debug cache-miss
187 silly fetch manifest @types/json-schema@^7.0.15
188 silly packumentCache full:https://registry.npmjs.org/@types%2fjson-schema cache-miss
189 silly fetch manifest levn@^0.4.1
190 silly packumentCache full:https://registry.npmjs.org/levn cache-miss
191 silly fetch manifest @humanwhocodes/retry@^0.4.0
192 silly packumentCache full:https://registry.npmjs.org/@humanwhocodes%2fretry cache-miss
193 silly fetch manifest @humanfs/core@^0.19.1
194 silly packumentCache full:https://registry.npmjs.org/@humanfs%2fcore cache-miss
195 http cache https://registry.npmjs.org/@humanwhocodes%2fretry 81ms (cache hit)
196 silly packumentCache full:https://registry.npmjs.org/@humanwhocodes%2fretry set size:42348 disposed:false
197 silly fetch manifest uri-js@^4.2.2
198 silly packumentCache full:https://registry.npmjs.org/uri-js cache-miss
199 http cache https://registry.npmjs.org/debug 111ms (cache hit)
200 silly packumentCache full:https://registry.npmjs.org/debug set size:195840 disposed:false
201 silly fetch manifest fast-deep-equal@^3.1.1
202 silly packumentCache full:https://registry.npmjs.org/fast-deep-equal cache-miss
203 http cache https://registry.npmjs.org/eslint-visitor-keys 127ms (cache hit)
204 silly packumentCache full:https://registry.npmjs.org/eslint-visitor-keys set size:67352 disposed:false
205 silly fetch manifest json-schema-traverse@^0.4.1
206 silly packumentCache full:https://registry.npmjs.org/json-schema-traverse cache-miss
207 http fetch GET 200 https://registry.npmjs.org/levn 167ms (cache miss)
208 silly packumentCache full:https://registry.npmjs.org/levn set size:undefined disposed:false
209 silly fetch manifest fast-json-stable-stringify@^2.0.0
210 silly packumentCache full:https://registry.npmjs.org/fast-json-stable-stringify cache-miss
211 http fetch GET 200 https://registry.npmjs.org/@eslint%2fobject-schema 198ms (cache miss)
212 silly packumentCache full:https://registry.npmjs.org/@eslint%2fobject-schema set size:undefined disposed:false
213 silly fetch manifest which@^2.0.1
214 silly packumentCache full:https://registry.npmjs.org/which cache-miss
215 http cache https://registry.npmjs.org/fast-deep-equal 85ms (cache hit)
216 silly packumentCache full:https://registry.npmjs.org/fast-deep-equal set size:48634 disposed:false
217 silly fetch manifest path-key@^3.1.0
218 silly packumentCache full:https://registry.npmjs.org/path-key cache-miss
219 http fetch GET 200 https://registry.npmjs.org/@types%2fjson-schema 209ms (cache miss)
220 silly packumentCache full:https://registry.npmjs.org/@types%2fjson-schema set size:undefined disposed:false
221 silly fetch manifest shebang-command@^2.0.0
222 silly packumentCache full:https://registry.npmjs.org/shebang-command cache-miss
223 http fetch GET 200 https://registry.npmjs.org/uri-js 128ms (cache miss)
224 silly packumentCache full:https://registry.npmjs.org/uri-js set size:undefined disposed:false
225 silly fetch manifest ms@^2.1.3
226 silly packumentCache full:https://registry.npmjs.org/ms cache-miss
227 http fetch GET 200 https://registry.npmjs.org/@humanfs%2fcore 218ms (cache miss)
228 silly packumentCache full:https://registry.npmjs.org/@humanfs%2fcore set size:undefined disposed:false
229 silly fetch manifest @types/esrecurse@^4.3.1
230 silly packumentCache full:https://registry.npmjs.org/@types%2fesrecurse cache-miss
231 http fetch GET 200 https://registry.npmjs.org/json-schema-traverse 159ms (cache miss)
232 silly packumentCache full:https://registry.npmjs.org/json-schema-traverse set size:undefined disposed:false
233 silly fetch manifest esrecurse@^4.3.0
234 silly packumentCache full:https://registry.npmjs.org/esrecurse cache-miss
235 http fetch GET 200 https://registry.npmjs.org/fast-json-stable-stringify 159ms (cache miss)
236 silly packumentCache full:https://registry.npmjs.org/fast-json-stable-stringify set size:undefined disposed:false
237 silly fetch manifest estraverse@^5.2.0
238 silly packumentCache full:https://registry.npmjs.org/estraverse cache-miss
239 http fetch GET 200 https://registry.npmjs.org/shebang-command 152ms (cache miss)
240 silly packumentCache full:https://registry.npmjs.org/shebang-command set size:undefined disposed:false
241 silly fetch manifest acorn@^8.15.0
242 silly packumentCache full:https://registry.npmjs.org/acorn cache-miss
243 http fetch GET 200 https://registry.npmjs.org/path-key 173ms (cache miss)
244 silly packumentCache full:https://registry.npmjs.org/path-key set size:undefined disposed:false
245 silly fetch manifest acorn-jsx@^5.3.2
246 silly packumentCache full:https://registry.npmjs.org/acorn-jsx cache-miss
247 http fetch GET 200 https://registry.npmjs.org/which 192ms (cache miss)
248 silly packumentCache full:https://registry.npmjs.org/which set size:undefined disposed:false
249 silly fetch manifest estraverse@^5.1.0
250 silly packumentCache full:https://registry.npmjs.org/estraverse cache-miss
251 http fetch GET 200 https://registry.npmjs.org/ms 194ms (cache miss)
252 silly packumentCache full:https://registry.npmjs.org/ms set size:undefined disposed:false
253 silly fetch manifest flat-cache@^4.0.0
254 silly packumentCache full:https://registry.npmjs.org/flat-cache cache-miss
255 http fetch GET 200 https://registry.npmjs.org/@types%2fesrecurse 201ms (cache miss)
256 silly packumentCache full:https://registry.npmjs.org/@types%2fesrecurse set size:undefined disposed:false
257 silly fetch manifest locate-path@^6.0.0
258 silly packumentCache full:https://registry.npmjs.org/locate-path cache-miss
259 http fetch GET 200 https://registry.npmjs.org/esrecurse 201ms (cache miss)
260 silly packumentCache full:https://registry.npmjs.org/esrecurse set size:undefined disposed:false
261 silly fetch manifest path-exists@^4.0.0
262 silly packumentCache full:https://registry.npmjs.org/path-exists cache-miss
263 http fetch GET 200 https://registry.npmjs.org/estraverse 175ms (cache miss)
264 silly packumentCache full:https://registry.npmjs.org/estraverse set size:undefined disposed:false
265 silly fetch manifest is-glob@^4.0.3
266 silly packumentCache full:https://registry.npmjs.org/is-glob cache-miss
267 http fetch GET 200 https://registry.npmjs.org/estraverse 135ms (cache miss)
268 silly packumentCache full:https://registry.npmjs.org/estraverse set size:undefined disposed:false
269 silly fetch manifest is-extglob@^2.1.1
270 silly packumentCache full:https://registry.npmjs.org/is-extglob cache-miss
271 http fetch GET 200 https://registry.npmjs.org/acorn-jsx 152ms (cache miss)
272 silly packumentCache full:https://registry.npmjs.org/acorn-jsx set size:undefined disposed:false
273 silly fetch manifest @isaacs/brace-expansion@^5.0.1
274 silly packumentCache full:https://registry.npmjs.org/@isaacs%2fbrace-expansion cache-miss
275 http fetch GET 200 https://registry.npmjs.org/locate-path 127ms (cache miss)
276 silly packumentCache full:https://registry.npmjs.org/locate-path set size:undefined disposed:false
277 silly fetch manifest prelude-ls@^1.2.1
278 silly packumentCache full:https://registry.npmjs.org/prelude-ls cache-miss
279 http fetch GET 200 https://registry.npmjs.org/flat-cache 146ms (cache miss)
280 silly packumentCache full:https://registry.npmjs.org/flat-cache set size:undefined disposed:false
281 silly fetch manifest deep-is@^0.1.3
282 silly packumentCache full:https://registry.npmjs.org/deep-is cache-miss
283 http fetch GET 200 https://registry.npmjs.org/path-exists 160ms (cache miss)
284 silly packumentCache full:https://registry.npmjs.org/path-exists set size:undefined disposed:false
285 silly fetch manifest word-wrap@^1.2.5
286 silly packumentCache full:https://registry.npmjs.org/word-wrap cache-miss
287 http cache https://registry.npmjs.org/is-glob 162ms (cache hit)
288 silly packumentCache full:https://registry.npmjs.org/is-glob set size:40530 disposed:false
289 silly fetch manifest type-check@^0.4.0
290 silly packumentCache full:https://registry.npmjs.org/type-check cache-miss
291 http fetch GET 200 https://registry.npmjs.org/acorn 324ms (cache miss)
292 silly packumentCache full:https://registry.npmjs.org/acorn set size:undefined disposed:false
293 silly fetch manifest fast-levenshtein@^2.0.6
294 silly packumentCache full:https://registry.npmjs.org/fast-levenshtein cache-miss
295 http fetch GET 200 https://registry.npmjs.org/is-extglob 210ms (cache miss)
296 silly packumentCache full:https://registry.npmjs.org/is-extglob set size:undefined disposed:false
297 http fetch GET 200 https://registry.npmjs.org/prelude-ls 193ms (cache miss)
298 silly packumentCache full:https://registry.npmjs.org/prelude-ls set size:undefined disposed:false
299 http fetch GET 200 https://registry.npmjs.org/deep-is 554ms (cache miss)
300 silly packumentCache full:https://registry.npmjs.org/deep-is set size:undefined disposed:false
301 http fetch GET 200 https://registry.npmjs.org/@isaacs%2fbrace-expansion 611ms (cache miss)
302 silly packumentCache full:https://registry.npmjs.org/@isaacs%2fbrace-expansion set size:undefined disposed:false
303 http fetch GET 200 https://registry.npmjs.org/type-check 479ms (cache miss)
304 silly packumentCache full:https://registry.npmjs.org/type-check set size:undefined disposed:false
305 http fetch GET 200 https://registry.npmjs.org/word-wrap 528ms (cache miss)
306 silly packumentCache full:https://registry.npmjs.org/word-wrap set size:undefined disposed:false
307 http fetch GET 200 https://registry.npmjs.org/fast-levenshtein 478ms (cache miss)
308 silly packumentCache full:https://registry.npmjs.org/fast-levenshtein set size:undefined disposed:false
309 silly placeDep node_modules/@eslint-community/eslint-utils eslint-visitor-keys@3.4.3 OK for: @eslint-community/eslint-utils@4.9.1 want: ^3.4.3
310 silly placeDep ROOT @eslint/object-schema@3.0.1 OK for: @eslint/config-array@0.23.1 want: ^3.0.1
311 silly placeDep ROOT @types/json-schema@7.0.15 OK for: @eslint/core@1.1.0 want: ^7.0.15
312 silly placeDep ROOT levn@0.4.1 OK for: @eslint/plugin-kit@0.6.0 want: ^0.4.1
313 silly fetch manifest type-check@~0.4.0
314 silly packumentCache full:https://registry.npmjs.org/type-check cache-miss
315 http cache https://registry.npmjs.org/type-check 406ms (cache hit)
316 silly packumentCache full:https://registry.npmjs.org/type-check set size:21221 disposed:false
317 silly placeDep ROOT @humanfs/core@0.19.1 OK for: @humanfs/node@0.16.7 want: ^0.19.1
318 silly placeDep ROOT fast-json-stable-stringify@2.1.0 OK for: ajv@6.12.6 want: ^2.0.0
319 silly placeDep ROOT json-schema-traverse@0.4.1 OK for: ajv@6.12.6 want: ^0.4.1
320 silly placeDep ROOT uri-js@4.4.1 OK for: ajv@6.12.6 want: ^4.2.2
321 silly fetch manifest punycode@^2.1.0
322 silly packumentCache full:https://registry.npmjs.org/punycode cache-miss
323 http fetch GET 200 https://registry.npmjs.org/punycode 54ms (cache miss)
324 silly packumentCache full:https://registry.npmjs.org/punycode set size:undefined disposed:false
325 silly placeDep ROOT path-key@3.1.1 OK for: cross-spawn@7.0.6 want: ^3.1.0
326 silly placeDep ROOT shebang-command@2.0.0 OK for: cross-spawn@7.0.6 want: ^2.0.0
327 silly placeDep ROOT which@2.0.2 OK for: cross-spawn@7.0.6 want: ^2.0.1
328 silly fetch manifest shebang-regex@^3.0.0
329 silly packumentCache full:https://registry.npmjs.org/shebang-regex cache-miss
330 silly fetch manifest isexe@^2.0.0
331 silly packumentCache full:https://registry.npmjs.org/isexe cache-miss
332 http fetch GET 200 https://registry.npmjs.org/isexe 61ms (cache miss)
333 silly packumentCache full:https://registry.npmjs.org/isexe set size:undefined disposed:false
334 http fetch GET 200 https://registry.npmjs.org/shebang-regex 66ms (cache miss)
335 silly packumentCache full:https://registry.npmjs.org/shebang-regex set size:undefined disposed:false
336 silly placeDep ROOT ms@2.1.3 OK for: debug@4.4.3 want: ^2.1.3
337 silly placeDep ROOT @types/esrecurse@4.3.1 OK for: eslint-scope@9.1.0 want: ^4.3.1
338 silly placeDep ROOT esrecurse@4.3.0 OK for: eslint-scope@9.1.0 want: ^4.3.0
339 silly placeDep ROOT estraverse@5.3.0 OK for: eslint-scope@9.1.0 want: ^5.2.0
340 silly placeDep ROOT acorn@8.15.0 OK for: espree@11.1.0 want: ^8.15.0
341 silly placeDep ROOT acorn-jsx@5.3.2 OK for: espree@11.1.0 want: ^5.3.2
342 silly placeDep ROOT flat-cache@4.0.1 OK for: file-entry-cache@8.0.0 want: ^4.0.0
343 silly fetch manifest keyv@^4.5.4
344 silly packumentCache full:https://registry.npmjs.org/keyv cache-miss
345 silly fetch manifest flatted@^3.2.9
346 silly packumentCache full:https://registry.npmjs.org/flatted cache-miss
347 http fetch GET 200 https://registry.npmjs.org/flatted 81ms (cache miss)
348 silly packumentCache full:https://registry.npmjs.org/flatted set size:undefined disposed:false
349 http fetch GET 200 https://registry.npmjs.org/keyv 90ms (cache miss)
350 silly packumentCache full:https://registry.npmjs.org/keyv set size:undefined disposed:false
351 silly placeDep ROOT locate-path@6.0.0 OK for: find-up@5.0.0 want: ^6.0.0
352 silly placeDep ROOT path-exists@4.0.0 OK for: find-up@5.0.0 want: ^4.0.0
353 silly fetch manifest p-locate@^5.0.0
354 silly packumentCache full:https://registry.npmjs.org/p-locate cache-miss
355 http fetch GET 200 https://registry.npmjs.org/p-locate 89ms (cache miss)
356 silly packumentCache full:https://registry.npmjs.org/p-locate set size:undefined disposed:false
357 silly placeDep ROOT flatted@3.3.3 OK for: flat-cache@4.0.1 want: ^3.2.9
358 silly placeDep ROOT keyv@4.5.4 OK for: flat-cache@4.0.1 want: ^4.5.4
359 silly fetch manifest json-buffer@3.0.1
360 silly packumentCache full:https://registry.npmjs.org/json-buffer cache-miss
361 http fetch GET 200 https://registry.npmjs.org/json-buffer 57ms (cache miss)
362 silly packumentCache full:https://registry.npmjs.org/json-buffer set size:undefined disposed:false
363 silly placeDep ROOT is-extglob@2.1.1 OK for: is-glob@4.0.3 want: ^2.1.1
364 silly placeDep ROOT json-buffer@3.0.1 OK for: keyv@4.5.4 want: 3.0.1
365 silly placeDep ROOT prelude-ls@1.2.1 OK for: levn@0.4.1 want: ^1.2.1
366 silly placeDep ROOT type-check@0.4.0 OK for: levn@0.4.1 want: ~0.4.0
367 silly placeDep ROOT p-locate@5.0.0 OK for: locate-path@6.0.0 want: ^5.0.0
368 silly fetch manifest p-limit@^3.0.2
369 silly packumentCache full:https://registry.npmjs.org/p-limit cache-miss
370 http fetch GET 200 https://registry.npmjs.org/p-limit 49ms (cache miss)
371 silly packumentCache full:https://registry.npmjs.org/p-limit set size:undefined disposed:false
372 silly placeDep ROOT @isaacs/brace-expansion@5.0.1 OK for: minimatch@10.1.2 want: ^5.0.1
373 silly fetch manifest @isaacs/balanced-match@^4.0.1
374 silly packumentCache full:https://registry.npmjs.org/@isaacs%2fbalanced-match cache-miss
375 http fetch GET 200 https://registry.npmjs.org/@isaacs%2fbalanced-match 77ms (cache miss)
376 silly packumentCache full:https://registry.npmjs.org/@isaacs%2fbalanced-match set size:undefined disposed:false
377 silly placeDep ROOT @isaacs/balanced-match@4.0.1 OK for: @isaacs/brace-expansion@5.0.1 want: ^4.0.1
378 silly placeDep ROOT deep-is@0.1.4 OK for: optionator@0.9.4 want: ^0.1.3
379 silly placeDep ROOT fast-levenshtein@2.0.6 OK for: optionator@0.9.4 want: ^2.0.6
380 silly placeDep ROOT word-wrap@1.2.5 OK for: optionator@0.9.4 want: ^1.2.5
381 silly placeDep ROOT p-limit@3.1.0 OK for: p-locate@5.0.0 want: ^3.0.2
382 silly fetch manifest yocto-queue@^0.1.0
383 silly packumentCache full:https://registry.npmjs.org/yocto-queue cache-miss
384 http fetch GET 200 https://registry.npmjs.org/yocto-queue 72ms (cache miss)
385 silly packumentCache full:https://registry.npmjs.org/yocto-queue set size:undefined disposed:false
386 silly placeDep ROOT yocto-queue@0.1.0 OK for: p-limit@3.1.0 want: ^0.1.0
387 silly placeDep ROOT shebang-regex@3.0.0 OK for: shebang-command@2.0.0 want: ^3.0.0
388 silly placeDep ROOT punycode@2.3.1 OK for: uri-js@4.4.1 want: ^2.1.0
389 silly placeDep ROOT isexe@2.0.0 OK for: which@2.0.2 want: ^2.0.0
390 silly reify moves {}
391 silly audit bulk request {
391 silly audit   eslint: [ '10.0.0' ],
391 silly audit   '@eslint-community/eslint-utils': [ '4.9.1' ],
391 silly audit   '@eslint-community/regexpp': [ '4.12.2' ],
391 silly audit   '@eslint/config-array': [ '0.23.1' ],
391 silly audit   '@eslint/config-helpers': [ '0.5.2' ],
391 silly audit   '@eslint/core': [ '1.1.0' ],
391 silly audit   '@eslint/plugin-kit': [ '0.6.0' ],
391 silly audit   '@humanfs/node': [ '0.16.7' ],
391 silly audit   '@humanwhocodes/module-importer': [ '1.0.1' ],
391 silly audit   '@humanwhocodes/retry': [ '0.4.3' ],
391 silly audit   '@types/estree': [ '1.0.8' ],
391 silly audit   ajv: [ '6.12.6' ],
391 silly audit   'cross-spawn': [ '7.0.6' ],
391 silly audit   debug: [ '4.4.3' ],
391 silly audit   'escape-string-regexp': [ '4.0.0' ],
391 silly audit   'eslint-scope': [ '9.1.0' ],
391 silly audit   'eslint-visitor-keys': [ '5.0.0', '3.4.3' ],
391 silly audit   espree: [ '11.1.0' ],
391 silly audit   esquery: [ '1.7.0' ],
391 silly audit   esutils: [ '2.0.3' ],
391 silly audit   'fast-deep-equal': [ '3.1.3' ],
391 silly audit   'file-entry-cache': [ '8.0.0' ],
391 silly audit   'find-up': [ '5.0.0' ],
391 silly audit   'glob-parent': [ '6.0.2' ],
391 silly audit   ignore: [ '5.3.2' ],
391 silly audit   imurmurhash: [ '0.1.4' ],
391 silly audit   'is-glob': [ '4.0.3' ],
391 silly audit   'json-stable-stringify-without-jsonify': [ '1.0.1' ],
391 silly audit   minimatch: [ '10.1.2' ],
391 silly audit   'natural-compare': [ '1.4.0' ],
391 silly audit   optionator: [ '0.9.4' ],
391 silly audit   '@eslint/object-schema': [ '3.0.1' ],
391 silly audit   '@types/json-schema': [ '7.0.15' ],
391 silly audit   levn: [ '0.4.1' ],
391 silly audit   '@humanfs/core': [ '0.19.1' ],
391 silly audit   'fast-json-stable-stringify': [ '2.1.0' ],
391 silly audit   'json-schema-traverse': [ '0.4.1' ],
391 silly audit   'uri-js': [ '4.4.1' ],
391 silly audit   'path-key': [ '3.1.1' ],
391 silly audit   'shebang-command': [ '2.0.0' ],
391 silly audit   which: [ '2.0.2' ],
391 silly audit   ms: [ '2.1.3' ],
391 silly audit   '@types/esrecurse': [ '4.3.1' ],
391 silly audit   esrecurse: [ '4.3.0' ],
391 silly audit   estraverse: [ '5.3.0' ],
391 silly audit   acorn: [ '8.15.0' ],
391 silly audit   'acorn-jsx': [ '5.3.2' ],
391 silly audit   'flat-cache': [ '4.0.1' ],
391 silly audit   'locate-path': [ '6.0.0' ],
391 silly audit   'path-exists': [ '4.0.0' ],
391 silly audit   flatted: [ '3.3.3' ],
391 silly audit   keyv: [ '4.5.4' ],
391 silly audit   'is-extglob': [ '2.1.1' ],
391 silly audit   'json-buffer': [ '3.0.1' ],
391 silly audit   'prelude-ls': [ '1.2.1' ],
391 silly audit   'type-check': [ '0.4.0' ],
391 silly audit   'p-locate': [ '5.0.0' ],
391 silly audit   '@isaacs/brace-expansion': [ '5.0.1' ],
391 silly audit   '@isaacs/balanced-match': [ '4.0.1' ],
391 silly audit   'deep-is': [ '0.1.4' ],
391 silly audit   'fast-levenshtein': [ '2.0.6' ],
391 silly audit   'word-wrap': [ '1.2.5' ],
391 silly audit   'p-limit': [ '3.1.0' ],
391 silly audit   'yocto-queue': [ '0.1.0' ],
391 silly audit   'shebang-regex': [ '3.0.0' ],
391 silly audit   punycode: [ '2.3.1' ],
391 silly audit   isexe: [ '2.0.0' ]
391 silly audit }
392 http cache isexe@https://registry.npmjs.org/isexe/-/isexe-2.0.0.tgz 0ms (cache hit)
393 http cache punycode@https://registry.npmjs.org/punycode/-/punycode-2.3.1.tgz 0ms (cache hit)
394 http cache shebang-regex@https://registry.npmjs.org/shebang-regex/-/shebang-regex-3.0.0.tgz 1ms (cache hit)
395 http cache yocto-queue@https://registry.npmjs.org/yocto-queue/-/yocto-queue-0.1.0.tgz 0ms (cache hit)
396 http cache fast-levenshtein@https://registry.npmjs.org/fast-levenshtein/-/fast-levenshtein-2.0.6.tgz 0ms (cache hit)
397 http cache word-wrap@https://registry.npmjs.org/word-wrap/-/word-wrap-1.2.5.tgz 1ms (cache hit)
398 http cache p-limit@https://registry.npmjs.org/p-limit/-/p-limit-3.1.0.tgz 0ms (cache hit)
399 http cache deep-is@https://registry.npmjs.org/deep-is/-/deep-is-0.1.4.tgz 0ms (cache hit)
400 http cache @isaacs/balanced-match@https://registry.npmjs.org/@isaacs/balanced-match/-/balanced-match-4.0.1.tgz 0ms (cache hit)
401 http cache p-locate@https://registry.npmjs.org/p-locate/-/p-locate-5.0.0.tgz 0ms (cache hit)
402 http cache @isaacs/brace-expansion@https://registry.npmjs.org/@isaacs/brace-expansion/-/brace-expansion-5.0.1.tgz 0ms (cache hit)
403 http cache type-check@https://registry.npmjs.org/type-check/-/type-check-0.4.0.tgz 0ms (cache hit)
404 http cache json-buffer@https://registry.npmjs.org/json-buffer/-/json-buffer-3.0.1.tgz 0ms (cache hit)
405 http cache prelude-ls@https://registry.npmjs.org/prelude-ls/-/prelude-ls-1.2.1.tgz 0ms (cache hit)
406 http cache is-extglob@https://registry.npmjs.org/is-extglob/-/is-extglob-2.1.1.tgz 0ms (cache hit)
407 http cache keyv@https://registry.npmjs.org/keyv/-/keyv-4.5.4.tgz 0ms (cache hit)
408 http cache flatted@https://registry.npmjs.org/flatted/-/flatted-3.3.3.tgz 0ms (cache hit)
409 http cache path-exists@https://registry.npmjs.org/path-exists/-/path-exists-4.0.0.tgz 0ms (cache hit)
410 http cache locate-path@https://registry.npmjs.org/locate-path/-/locate-path-6.0.0.tgz 0ms (cache hit)
411 http cache flat-cache@https://registry.npmjs.org/flat-cache/-/flat-cache-4.0.1.tgz 0ms (cache hit)
412 http cache acorn-jsx@https://registry.npmjs.org/acorn-jsx/-/acorn-jsx-5.3.2.tgz 0ms (cache hit)
413 http cache @types/esrecurse@https://registry.npmjs.org/@types/esrecurse/-/esrecurse-4.3.1.tgz 1ms (cache hit)
414 http cache acorn@https://registry.npmjs.org/acorn/-/acorn-8.15.0.tgz 0ms (cache hit)
415 http cache estraverse@https://registry.npmjs.org/estraverse/-/estraverse-5.3.0.tgz 0ms (cache hit)
416 http cache esrecurse@https://registry.npmjs.org/esrecurse/-/esrecurse-4.3.0.tgz 0ms (cache hit)
417 http cache which@https://registry.npmjs.org/which/-/which-2.0.2.tgz 0ms (cache hit)
418 http cache ms@https://registry.npmjs.org/ms/-/ms-2.1.3.tgz 0ms (cache hit)
419 http cache path-key@https://registry.npmjs.org/path-key/-/path-key-3.1.1.tgz 0ms (cache hit)
420 http cache json-schema-traverse@https://registry.npmjs.org/json-schema-traverse/-/json-schema-traverse-0.4.1.tgz 0ms (cache hit)
421 http cache shebang-command@https://registry.npmjs.org/shebang-command/-/shebang-command-2.0.0.tgz 0ms (cache hit)
422 http cache uri-js@https://registry.npmjs.org/uri-js/-/uri-js-4.4.1.tgz 0ms (cache hit)
423 http cache fast-json-stable-stringify@https://registry.npmjs.org/fast-json-stable-stringify/-/fast-json-stable-stringify-2.1.0.tgz 0ms (cache hit)
424 http cache @humanfs/core@https://registry.npmjs.org/@humanfs/core/-/core-0.19.1.tgz 1ms (cache hit)
425 http cache levn@https://registry.npmjs.org/levn/-/levn-0.4.1.tgz 0ms (cache hit)
426 http cache @eslint/object-schema@https://registry.npmjs.org/@eslint/object-schema/-/object-schema-3.0.1.tgz 0ms (cache hit)
427 http cache @types/json-schema@https://registry.npmjs.org/@types/json-schema/-/json-schema-7.0.15.tgz 0ms (cache hit)
428 http cache natural-compare@https://registry.npmjs.org/natural-compare/-/natural-compare-1.4.0.tgz 0ms (cache hit)
429 http cache optionator@https://registry.npmjs.org/optionator/-/optionator-0.9.4.tgz 0ms (cache hit)
430 http cache minimatch@https://registry.npmjs.org/minimatch/-/minimatch-10.1.2.tgz 0ms (cache hit)
431 http cache is-glob@https://registry.npmjs.org/is-glob/-/is-glob-4.0.3.tgz 0ms (cache hit)
432 http cache json-stable-stringify-without-jsonify@https://registry.npmjs.org/json-stable-stringify-without-jsonify/-/json-stable-stringify-without-jsonify-1.0.1.tgz 0ms (cache hit)
433 http cache imurmurhash@https://registry.npmjs.org/imurmurhash/-/imurmurhash-0.1.4.tgz 0ms (cache hit)
434 http cache ignore@https://registry.npmjs.org/ignore/-/ignore-5.3.2.tgz 0ms (cache hit)
435 http cache find-up@https://registry.npmjs.org/find-up/-/find-up-5.0.0.tgz 0ms (cache hit)
436 http cache glob-parent@https://registry.npmjs.org/glob-parent/-/glob-parent-6.0.2.tgz 0ms (cache hit)
437 http cache file-entry-cache@https://registry.npmjs.org/file-entry-cache/-/file-entry-cache-8.0.0.tgz 0ms (cache hit)
438 http cache esquery@https://registry.npmjs.org/esquery/-/esquery-1.7.0.tgz 0ms (cache hit)
439 http cache fast-deep-equal@https://registry.npmjs.org/fast-deep-equal/-/fast-deep-equal-3.1.3.tgz 0ms (cache hit)
440 http cache espree@https://registry.npmjs.org/espree/-/espree-11.1.0.tgz 0ms (cache hit)
441 http cache eslint-visitor-keys@https://registry.npmjs.org/eslint-visitor-keys/-/eslint-visitor-keys-5.0.0.tgz 0ms (cache hit)
442 http cache eslint-scope@https://registry.npmjs.org/eslint-scope/-/eslint-scope-9.1.0.tgz 0ms (cache hit)
443 http cache escape-string-regexp@https://registry.npmjs.org/escape-string-regexp/-/escape-string-regexp-4.0.0.tgz 0ms (cache hit)
444 http cache esutils@https://registry.npmjs.org/esutils/-/esutils-2.0.3.tgz 0ms (cache hit)
445 http cache debug@https://registry.npmjs.org/debug/-/debug-4.4.3.tgz 0ms (cache hit)
446 http cache cross-spawn@https://registry.npmjs.org/cross-spawn/-/cross-spawn-7.0.6.tgz 0ms (cache hit)
447 http cache ajv@https://registry.npmjs.org/ajv/-/ajv-6.12.6.tgz 0ms (cache hit)
448 http cache @humanwhocodes/retry@https://registry.npmjs.org/@humanwhocodes/retry/-/retry-0.4.3.tgz 0ms (cache hit)
449 http cache @humanwhocodes/module-importer@https://registry.npmjs.org/@humanwhocodes/module-importer/-/module-importer-1.0.1.tgz 0ms (cache hit)
450 http cache @types/estree@https://registry.npmjs.org/@types/estree/-/estree-1.0.8.tgz 0ms (cache hit)
451 http cache @humanfs/node@https://registry.npmjs.org/@humanfs/node/-/node-0.16.7.tgz 0ms (cache hit)
452 http cache @eslint/plugin-kit@https://registry.npmjs.org/@eslint/plugin-kit/-/plugin-kit-0.6.0.tgz 0ms (cache hit)
453 http cache @eslint/core@https://registry.npmjs.org/@eslint/core/-/core-1.1.0.tgz 1ms (cache hit)
454 http cache @eslint/config-helpers@https://registry.npmjs.org/@eslint/config-helpers/-/config-helpers-0.5.2.tgz 0ms (cache hit)
455 http cache @eslint/config-array@https://registry.npmjs.org/@eslint/config-array/-/config-array-0.23.1.tgz 1ms (cache hit)
456 http cache @eslint-community/eslint-utils@https://registry.npmjs.org/@eslint-community/eslint-utils/-/eslint-utils-4.9.1.tgz 1ms (cache hit)
457 http cache @eslint-community/regexpp@https://registry.npmjs.org/@eslint-community/regexpp/-/regexpp-4.12.2.tgz 0ms (cache hit)
458 silly tarball no local data for isexe@https://registry.npmjs.org/isexe/-/isexe-2.0.0.tgz. Extracting by manifest.
459 http cache eslint@https://registry.npmjs.org/eslint/-/eslint-10.0.0.tgz 0ms (cache hit)
460 silly tarball no local data for punycode@https://registry.npmjs.org/punycode/-/punycode-2.3.1.tgz. Extracting by manifest.
461 silly tarball no local data for shebang-regex@https://registry.npmjs.org/shebang-regex/-/shebang-regex-3.0.0.tgz. Extracting by manifest.
462 silly tarball no local data for yocto-queue@https://registry.npmjs.org/yocto-queue/-/yocto-queue-0.1.0.tgz. Extracting by manifest.
463 silly tarball no local data for fast-levenshtein@https://registry.npmjs.org/fast-levenshtein/-/fast-levenshtein-2.0.6.tgz. Extracting by manifest.
464 silly tarball no local data for word-wrap@https://registry.npmjs.org/word-wrap/-/word-wrap-1.2.5.tgz. Extracting by manifest.
465 silly tarball no local data for p-limit@https://registry.npmjs.org/p-limit/-/p-limit-3.1.0.tgz. Extracting by manifest.
466 http cache eslint-visitor-keys@https://registry.npmjs.org/eslint-visitor-keys/-/eslint-visitor-keys-3.4.3.tgz 1ms (cache hit)
467 silly tarball no local data for deep-is@https://registry.npmjs.org/deep-is/-/deep-is-0.1.4.tgz. Extracting by manifest.
468 silly tarball no local data for @isaacs/balanced-match@https://registry.npmjs.org/@isaacs/balanced-match/-/balanced-match-4.0.1.tgz. Extracting by manifest.
469 silly tarball no local data for p-locate@https://registry.npmjs.org/p-locate/-/p-locate-5.0.0.tgz. Extracting by manifest.
470 silly tarball no local data for @isaacs/brace-expansion@https://registry.npmjs.org/@isaacs/brace-expansion/-/brace-expansion-5.0.1.tgz. Extracting by manifest.
471 silly tarball no local data for type-check@https://registry.npmjs.org/type-check/-/type-check-0.4.0.tgz. Extracting by manifest.
472 silly tarball no local data for json-buffer@https://registry.npmjs.org/json-buffer/-/json-buffer-3.0.1.tgz. Extracting by manifest.
473 silly tarball no local data for prelude-ls@https://registry.npmjs.org/prelude-ls/-/prelude-ls-1.2.1.tgz. Extracting by manifest.
474 silly tarball no local data for is-extglob@https://registry.npmjs.org/is-extglob/-/is-extglob-2.1.1.tgz. Extracting by manifest.
475 silly tarball no local data for keyv@https://registry.npmjs.org/keyv/-/keyv-4.5.4.tgz. Extracting by manifest.
476 silly tarball no local data for flatted@https://registry.npmjs.org/flatted/-/flatted-3.3.3.tgz. Extracting by manifest.
477 silly tarball no local data for path-exists@https://registry.npmjs.org/path-exists/-/path-exists-4.0.0.tgz. Extracting by manifest.
478 silly tarball no local data for locate-path@https://registry.npmjs.org/locate-path/-/locate-path-6.0.0.tgz. Extracting by manifest.
479 silly tarball no local data for flat-cache@https://registry.npmjs.org/flat-cache/-/flat-cache-4.0.1.tgz. Extracting by manifest.
480 silly tarball no local data for acorn-jsx@https://registry.npmjs.org/acorn-jsx/-/acorn-jsx-5.3.2.tgz. Extracting by manifest.
481 silly tarball no local data for @types/esrecurse@https://registry.npmjs.org/@types/esrecurse/-/esrecurse-4.3.1.tgz. Extracting by manifest.
482 silly tarball no local data for acorn@https://registry.npmjs.org/acorn/-/acorn-8.15.0.tgz. Extracting by manifest.
483 silly tarball no local data for estraverse@https://registry.npmjs.org/estraverse/-/estraverse-5.3.0.tgz. Extracting by manifest.
484 silly tarball no local data for esrecurse@https://registry.npmjs.org/esrecurse/-/esrecurse-4.3.0.tgz. Extracting by manifest.
485 silly tarball no local data for which@https://registry.npmjs.org/which/-/which-2.0.2.tgz. Extracting by manifest.
486 silly tarball no local data for ms@https://registry.npmjs.org/ms/-/ms-2.1.3.tgz. Extracting by manifest.
487 silly tarball no local data for path-key@https://registry.npmjs.org/path-key/-/path-key-3.1.1.tgz. Extracting by manifest.
488 silly tarball no local data for json-schema-traverse@https://registry.npmjs.org/json-schema-traverse/-/json-schema-traverse-0.4.1.tgz. Extracting by manifest.
489 silly tarball no local data for shebang-command@https://registry.npmjs.org/shebang-command/-/shebang-command-2.0.0.tgz. Extracting by manifest.
490 silly tarball no local data for uri-js@https://registry.npmjs.org/uri-js/-/uri-js-4.4.1.tgz. Extracting by manifest.
491 silly tarball no local data for fast-json-stable-stringify@https://registry.npmjs.org/fast-json-stable-stringify/-/fast-json-stable-stringify-2.1.0.tgz. Extracting by manifest.
492 silly tarball no local data for @humanfs/core@https://registry.npmjs.org/@humanfs/core/-/core-0.19.1.tgz. Extracting by manifest.
493 silly tarball no local data for levn@https://registry.npmjs.org/levn/-/levn-0.4.1.tgz. Extracting by manifest.
494 silly tarball no local data for @eslint/object-schema@https://registry.npmjs.org/@eslint/object-schema/-/object-schema-3.0.1.tgz. Extracting by manifest.
495 silly tarball no local data for @types/json-schema@https://registry.npmjs.org/@types/json-schema/-/json-schema-7.0.15.tgz. Extracting by manifest.
496 silly tarball no local data for natural-compare@https://registry.npmjs.org/natural-compare/-/natural-compare-1.4.0.tgz. Extracting by manifest.
497 silly tarball no local data for optionator@https://registry.npmjs.org/optionator/-/optionator-0.9.4.tgz. Extracting by manifest.
498 silly tarball no local data for minimatch@https://registry.npmjs.org/minimatch/-/minimatch-10.1.2.tgz. Extracting by manifest.
499 silly tarball no local data for is-glob@https://registry.npmjs.org/is-glob/-/is-glob-4.0.3.tgz. Extracting by manifest.
500 silly tarball no local data for json-stable-stringify-without-jsonify@https://registry.npmjs.org/json-stable-stringify-without-jsonify/-/json-stable-stringify-without-jsonify-1.0.1.tgz. Extracting by manifest.
501 silly tarball no local data for imurmurhash@https://registry.npmjs.org/imurmurhash/-/imurmurhash-0.1.4.tgz. Extracting by manifest.
502 silly tarball no local data for ignore@https://registry.npmjs.org/ignore/-/ignore-5.3.2.tgz. Extracting by manifest.
503 silly tarball no local data for find-up@https://registry.npmjs.org/find-up/-/find-up-5.0.0.tgz. Extracting by manifest.
504 silly tarball no local data for glob-parent@https://registry.npmjs.org/glob-parent/-/glob-parent-6.0.2.tgz. Extracting by manifest.
505 silly tarball no local data for file-entry-cache@https://registry.npmjs.org/file-entry-cache/-/file-entry-cache-8.0.0.tgz. Extracting by manifest.
506 silly tarball no local data for esquery@https://registry.npmjs.org/esquery/-/esquery-1.7.0.tgz. Extracting by manifest.
507 silly tarball no local data for fast-deep-equal@https://registry.npmjs.org/fast-deep-equal/-/fast-deep-equal-3.1.3.tgz. Extracting by manifest.
508 silly tarball no local data for espree@https://registry.npmjs.org/espree/-/espree-11.1.0.tgz. Extracting by manifest.
509 silly tarball no local data for eslint-visitor-keys@https://registry.npmjs.org/eslint-visitor-keys/-/eslint-visitor-keys-5.0.0.tgz. Extracting by manifest.
510 silly tarball no local data for eslint-scope@https://registry.npmjs.org/eslint-scope/-/eslint-scope-9.1.0.tgz. Extracting by manifest.
511 silly tarball no local data for esutils@https://registry.npmjs.org/esutils/-/esutils-2.0.3.tgz. Extracting by manifest.
512 silly tarball no local data for debug@https://registry.npmjs.org/debug/-/debug-4.4.3.tgz. Extracting by manifest.
513 silly tarball no local data for cross-spawn@https://registry.npmjs.org/cross-spawn/-/cross-spawn-7.0.6.tgz. Extracting by manifest.
514 silly tarball no local data for ajv@https://registry.npmjs.org/ajv/-/ajv-6.12.6.tgz. Extracting by manifest.
515 silly tarball no local data for @humanwhocodes/retry@https://registry.npmjs.org/@humanwhocodes/retry/-/retry-0.4.3.tgz. Extracting by manifest.
516 silly tarball no local data for @humanwhocodes/module-importer@https://registry.npmjs.org/@humanwhocodes/module-importer/-/module-importer-1.0.1.tgz. Extracting by manifest.
517 silly tarball no local data for @types/estree@https://registry.npmjs.org/@types/estree/-/estree-1.0.8.tgz. Extracting by manifest.
518 silly tarball no local data for @humanfs/node@https://registry.npmjs.org/@humanfs/node/-/node-0.16.7.tgz. Extracting by manifest.
519 silly tarball no local data for @eslint/plugin-kit@https://registry.npmjs.org/@eslint/plugin-kit/-/plugin-kit-0.6.0.tgz. Extracting by manifest.
520 silly tarball no local data for @eslint/core@https://registry.npmjs.org/@eslint/core/-/core-1.1.0.tgz. Extracting by manifest.
521 silly tarball no local data for @eslint/config-helpers@https://registry.npmjs.org/@eslint/config-helpers/-/config-helpers-0.5.2.tgz. Extracting by manifest.
522 silly tarball no local data for @eslint/config-array@https://registry.npmjs.org/@eslint/config-array/-/config-array-0.23.1.tgz. Extracting by manifest.
523 silly tarball no local data for @eslint-community/eslint-utils@https://registry.npmjs.org/@eslint-community/eslint-utils/-/eslint-utils-4.9.1.tgz. Extracting by manifest.
524 silly tarball no local data for @eslint-community/regexpp@https://registry.npmjs.org/@eslint-community/regexpp/-/regexpp-4.12.2.tgz. Extracting by manifest.
525 silly tarball no local data for eslint@https://registry.npmjs.org/eslint/-/eslint-10.0.0.tgz. Extracting by manifest.
526 silly tarball no local data for eslint-visitor-keys@https://registry.npmjs.org/eslint-visitor-keys/-/eslint-visitor-keys-3.4.3.tgz. Extracting by manifest.
527 http fetch POST 200 https://registry.npmjs.org/-/npm/v1/security/advisories/bulk 794ms
528 silly audit report {}
529 http fetch GET 200 https://registry.npmjs.org/shebang-regex/-/shebang-regex-3.0.0.tgz 1756ms (cache miss)
530 http fetch GET 200 https://registry.npmjs.org/yocto-queue/-/yocto-queue-0.1.0.tgz 1755ms (cache miss)
531 http fetch GET 200 https://registry.npmjs.org/isexe/-/isexe-2.0.0.tgz 1766ms (cache miss)
532 http fetch GET 200 https://registry.npmjs.org/punycode/-/punycode-2.3.1.tgz 2065ms (cache miss)
533 http fetch GET 200 https://registry.npmjs.org/is-extglob/-/is-extglob-2.1.1.tgz 2188ms (cache miss)
534 http fetch GET 200 https://registry.npmjs.org/path-exists/-/path-exists-4.0.0.tgz 2194ms (cache miss)
535 http fetch GET 200 https://registry.npmjs.org/locate-path/-/locate-path-6.0.0.tgz 2204ms (cache miss)
536 http fetch GET 200 https://registry.npmjs.org/fast-levenshtein/-/fast-levenshtein-2.0.6.tgz 2237ms (cache miss)
537 http fetch GET 200 https://registry.npmjs.org/acorn-jsx/-/acorn-jsx-5.3.2.tgz 2460ms (cache miss)
538 http fetch GET 200 https://registry.npmjs.org/word-wrap/-/word-wrap-1.2.5.tgz 2711ms (cache miss)
539 http fetch GET 200 https://registry.npmjs.org/estraverse/-/estraverse-5.3.0.tgz 2805ms (cache miss)
540 http fetch GET 200 https://registry.npmjs.org/flat-cache/-/flat-cache-4.0.1.tgz 2863ms (cache miss)
541 http fetch GET 200 https://registry.npmjs.org/which/-/which-2.0.2.tgz 2933ms (cache miss)
542 http fetch GET 200 https://registry.npmjs.org/json-schema-traverse/-/json-schema-traverse-0.4.1.tgz 3075ms (cache miss)
543 http fetch GET 200 https://registry.npmjs.org/ms/-/ms-2.1.3.tgz 3085ms (cache miss)
544 http fetch GET 200 https://registry.npmjs.org/path-key/-/path-key-3.1.1.tgz 3089ms (cache miss)
545 http fetch GET 200 https://registry.npmjs.org/keyv/-/keyv-4.5.4.tgz 3228ms (cache miss)
546 http fetch GET 200 https://registry.npmjs.org/@types/esrecurse/-/esrecurse-4.3.1.tgz 3280ms (cache miss)
547 http fetch GET 200 https://registry.npmjs.org/fast-deep-equal/-/fast-deep-equal-3.1.3.tgz 3381ms (cache miss)
548 http fetch GET 200 https://registry.npmjs.org/esutils/-/esutils-2.0.3.tgz 3420ms (cache miss)
549 http fetch GET 200 https://registry.npmjs.org/@humanwhocodes/module-importer/-/module-importer-1.0.1.tgz 3411ms (cache miss)
550 http fetch GET 200 https://registry.npmjs.org/@types/estree/-/estree-1.0.8.tgz 3424ms (cache miss)
551 http fetch GET 200 https://registry.npmjs.org/shebang-command/-/shebang-command-2.0.0.tgz 3551ms (cache miss)
552 http fetch GET 200 https://registry.npmjs.org/file-entry-cache/-/file-entry-cache-8.0.0.tgz 3695ms (cache miss)
553 http fetch GET 200 https://registry.npmjs.org/@eslint/object-schema/-/object-schema-3.0.1.tgz 4090ms (cache miss)
554 http fetch GET 200 https://registry.npmjs.org/@humanfs/core/-/core-0.19.1.tgz 4125ms (cache miss)
555 http fetch GET 200 https://registry.npmjs.org/levn/-/levn-0.4.1.tgz 4150ms (cache miss)
556 http fetch GET 200 https://registry.npmjs.org/natural-compare/-/natural-compare-1.4.0.tgz 4163ms (cache miss)
557 http fetch GET 200 https://registry.npmjs.org/@types/json-schema/-/json-schema-7.0.15.tgz 4193ms (cache miss)
558 http fetch GET 200 https://registry.npmjs.org/glob-parent/-/glob-parent-6.0.2.tgz 4208ms (cache miss)
559 http fetch GET 200 https://registry.npmjs.org/eslint-visitor-keys/-/eslint-visitor-keys-5.0.0.tgz 4218ms (cache miss)
560 http fetch GET 200 https://registry.npmjs.org/eslint-visitor-keys/-/eslint-visitor-keys-3.4.3.tgz 4183ms (cache miss)
561 http fetch GET 200 https://registry.npmjs.org/esrecurse/-/esrecurse-4.3.0.tgz 4376ms (cache miss)
562 http fetch GET 200 https://registry.npmjs.org/imurmurhash/-/imurmurhash-0.1.4.tgz 4410ms (cache miss)
563 http fetch GET 200 https://registry.npmjs.org/p-limit/-/p-limit-3.1.0.tgz 4597ms (cache miss)
564 http fetch GET 200 https://registry.npmjs.org/p-locate/-/p-locate-5.0.0.tgz 4626ms (cache miss)
565 http fetch GET 200 https://registry.npmjs.org/json-buffer/-/json-buffer-3.0.1.tgz 5249ms (cache miss)
566 http fetch GET 200 https://registry.npmjs.org/find-up/-/find-up-5.0.0.tgz 5200ms (cache miss)
567 http fetch GET 200 https://registry.npmjs.org/@eslint/core/-/core-1.1.0.tgz 5352ms (cache miss)
568 http fetch GET 200 https://registry.npmjs.org/is-glob/-/is-glob-4.0.3.tgz 5621ms (cache miss)
569 http fetch GET 200 https://registry.npmjs.org/debug/-/debug-4.4.3.tgz 5880ms (cache miss)
570 http fetch GET 200 https://registry.npmjs.org/type-check/-/type-check-0.4.0.tgz 6073ms (cache miss)
571 http fetch GET 200 https://registry.npmjs.org/ignore/-/ignore-5.3.2.tgz 6017ms (cache miss)
572 http fetch GET 200 https://registry.npmjs.org/deep-is/-/deep-is-0.1.4.tgz 6102ms (cache miss)
573 http fetch GET 200 https://registry.npmjs.org/@humanfs/node/-/node-0.16.7.tgz 6155ms (cache miss)
574 http fetch GET 200 https://registry.npmjs.org/optionator/-/optionator-0.9.4.tgz 6338ms (cache miss)
575 http fetch GET 200 https://registry.npmjs.org/prelude-ls/-/prelude-ls-1.2.1.tgz 6438ms (cache miss)
576 http fetch GET 200 https://registry.npmjs.org/@humanwhocodes/retry/-/retry-0.4.3.tgz 6486ms (cache miss)
577 http fetch GET 200 https://registry.npmjs.org/flatted/-/flatted-3.3.3.tgz 6596ms (cache miss)
578 http fetch GET 200 https://registry.npmjs.org/cross-spawn/-/cross-spawn-7.0.6.tgz 6654ms (cache miss)
579 http fetch GET 200 https://registry.npmjs.org/@eslint-community/eslint-utils/-/eslint-utils-4.9.1.tgz 6740ms (cache miss)
580 http fetch GET 200 https://registry.npmjs.org/@eslint-community/regexpp/-/regexpp-4.12.2.tgz 6784ms (cache miss)
581 http fetch GET 200 https://registry.npmjs.org/@eslint/config-helpers/-/config-helpers-0.5.2.tgz 6821ms (cache miss)
582 http fetch GET 200 https://registry.npmjs.org/espree/-/espree-11.1.0.tgz 6933ms (cache miss)
583 http fetch GET 200 https://registry.npmjs.org/json-stable-stringify-without-jsonify/-/json-stable-stringify-without-jsonify-1.0.1.tgz 6980ms (cache miss)
584 http fetch GET 200 https://registry.npmjs.org/acorn/-/acorn-8.15.0.tgz 7082ms (cache miss)
585 http fetch GET 200 https://registry.npmjs.org/@eslint/plugin-kit/-/plugin-kit-0.6.0.tgz 7000ms (cache miss)
586 http fetch GET 200 https://registry.npmjs.org/fast-json-stable-stringify/-/fast-json-stable-stringify-2.1.0.tgz 7121ms (cache miss)
587 http fetch GET 200 https://registry.npmjs.org/@isaacs/brace-expansion/-/brace-expansion-5.0.1.tgz 7182ms (cache miss)
588 http fetch GET 200 https://registry.npmjs.org/@isaacs/balanced-match/-/balanced-match-4.0.1.tgz 7197ms (cache miss)
589 http fetch GET 200 https://registry.npmjs.org/eslint-scope/-/eslint-scope-9.1.0.tgz 7276ms (cache miss)
590 http fetch GET 200 https://registry.npmjs.org/@eslint/config-array/-/config-array-0.23.1.tgz 7464ms (cache miss)
591 http fetch GET 200 https://registry.npmjs.org/esquery/-/esquery-1.7.0.tgz 7541ms (cache miss)
592 http fetch GET 200 https://registry.npmjs.org/uri-js/-/uri-js-4.4.1.tgz 9060ms (cache miss)
593 http fetch GET 200 https://registry.npmjs.org/minimatch/-/minimatch-10.1.2.tgz 9448ms (cache miss)
594 http fetch GET 200 https://registry.npmjs.org/ajv/-/ajv-6.12.6.tgz 10855ms (cache miss)
595 http fetch GET 200 https://registry.npmjs.org/eslint/-/eslint-10.0.0.tgz 18682ms (cache miss)
596 verbose cwd C:\Users\dfuser\Desktop\pavilion-main
597 verbose os Windows_NT 10.0.26100
598 verbose node v22.13.1
599 verbose npm  v11.8.0
600 verbose exit 2
601 verbose code 2
