0 verbose cli C:\Program Files\nodejs\node.exe D:\npm-global\node_modules\npm\bin\npm-cli.js
1 info using npm@11.8.0
2 info using node@v22.13.1
3 silly config load:file:D:\npm-global\node_modules\npm\npmrc
4 silly config load:file:C:\Users\dfuser\Desktop\pavilion-main\.npmrc
5 silly config load:file:C:\Users\dfuser\.npmrc
6 silly config load:file:C:\Users\dfuser\AppData\Roaming\npm\etc\npmrc
7 verbose title npm exec run dev
8 verbose argv "exec" "--" "run" "dev"
9 verbose logfile logs-max:10 dir:C:\Users\dfuser\Desktop\pavilion-main\%AppData%\npm-cache\_logs\2026-02-12T06_19_40_390Z-
10 verbose logfile C:\Users\dfuser\Desktop\pavilion-main\%AppData%\npm-cache\_logs\2026-02-12T06_19_40_390Z-debug-0.log
11 silly logfile start cleaning logs, removing 1 files
12 silly logfile done cleaning log files
13 silly packumentCache heap:2197815296 maxSize:549453824 maxEntrySize:274726912
14 http fetch GET 200 https://registry.npmjs.org/run 627ms (cache miss)
15 silly packumentCache heap:2197815296 maxSize:549453824 maxEntrySize:274726912
16 silly packumentCache heap:2197815296 maxSize:549453824 maxEntrySize:274726912
17 verbose stack Error: canceled
17 verbose stack     at Interface.<anonymous> (D:\npm-global\node_modules\npm\node_modules\read\dist\commonjs\read.js:89:21)
17 verbose stack     at Interface.emit (node:events:524:28)
17 verbose stack     at [_ttyWrite] [as _ttyWrite] (node:internal/readline/interface:1124:18)
17 verbose stack     at ReadStream.onkeypress (node:internal/readline/interface:263:20)
17 verbose stack     at ReadStream.emit (node:events:524:28)
17 verbose stack     at emitKeys (node:internal/readline/utils:370:14)
17 verbose stack     at emitKeys.next (<anonymous>)
17 verbose stack     at ReadStream.onData (node:internal/readline/emitKeypressEvents:64:36)
17 verbose stack     at ReadStream.emit (node:events:524:28)
17 verbose stack     at addChunk (node:internal/streams/readable:561:12)
18 error canceled
19 verbose cwd C:\Users\dfuser\Desktop\pavilion-main
20 verbose os Windows_NT 10.0.26100
21 verbose node v22.13.1
22 verbose npm  v11.8.0
23 verbose exit 1
24 verbose code 1
25 error A complete log of this run can be found in: C:\Users\dfuser\Desktop\pavilion-main\%AppData%\npm-cache\_logs\2026-02-12T06_19_40_390Z-debug-0.log
